{
    "code": 500,
    "message": "Variant could not be resolved"
}
