{
  "code":400,
  "message":"Validation failed",
  "errors":{
    "items[0].product.code":[
      "sylius.shop_api.checkout.cart_item.non_eligible"
    ]
  }
}
