{
  "code":400,
  "message":"Validation failed",
  "errors":{
    "token":[
      "sylius.shop_api.checkout.cart_item_variant.non_eligible"
    ]
  }
}
